// Jest Snapshot v1, https://goo.gl/fbAQLP

exports[`should render Nav correctly 1`] = `
<Route>
  <Component />
</Route>
`;
