// Jest Snapshot v1, https://goo.gl/fbAQLP

exports[`<HomeContainer /> renders correctly 1`] = `
Array [
  <Header
    key="1"
  />,
  <HomeMain
    key="2"
  />,
  <WithStyles(Connect(ReserveContainer))
    key="3"
  />,
  <Board
    key="4"
  />,
]
`;
