// Jest Snapshot v1, https://goo.gl/fbAQLP

exports[`<Map /> renders properly 1`] = `
<div
  id="map"
/>
`;
